// Jest Snapshot v1, https://goo.gl/fbAQLP

exports[` 1`] = `
<button
  className="ant-btn css-dev-only-do-not-override-1n7nwfa ant-btn-primary"
  disabled={false}
  onClick={[Function]}
  type="button"
>
  <span>
    Open Modal
  </span>
</button>
`;
